../Core/Src/main.c:179:6:sendData	16	static
../Core/Src/main.c:184:6:ADC_SelectChannel	48	static
../Core/Src/main.c:199:10:Read_ADC_Value	24	static
../Core/Src/main.c:222:6:SPI_Transmit	16	static
../Core/Src/main.c:239:6:drawLine	32	static
../Core/Src/main.c:257:6:toggle_VCOM	16	static
../Core/Src/main.c:265:6:writeBuffer	56	dynamic
../Core/Src/main.c:297:6:init_buffer	32	static
../Core/Src/main.c:355:6:clearDisplay	16	static
../Core/Src/main.c:371:6:drawPixel	16	static
../Core/Src/main.c:382:6:writeLine	48	static
../Core/Src/main.c:422:6:drawCircle	40	static
../Core/Src/main.c:456:6:drawFastRawVLine	32	static
../Core/Src/main.c:476:6:drawFastRawHLine	24	static
../Core/Src/main.c:484:6:drawFastHLine	24	static
../Core/Src/main.c:510:6:drawFastVLine	32	static
../Core/Src/main.c:537:6:fillScreen	32	static
../Core/Src/main.c:550:6:fillRect	32	static
../Core/Src/main.c:556:6:drawChar	40	static
../Core/Src/main.c:593:6:drawString	64	static
../Core/Src/main.c:607:6:drawDouble	88	static
../Core/Src/main.c:613:6:drawInt	88	static
../Core/Src/main.c:619:7:map	32	static
../Core/Src/main.c:629:6:HAL_TIM_PeriodElapsedCallback	16	static
../Core/Src/main.c:669:6:HAL_ADC_ConvCpltCallback	24	static
../Core/Src/main.c:741:19:find_indices	32	static
../Core/Src/main.c:752:21:limit	24	static
../Core/Src/main.c:763:21:linear_interpolate	32	static
../Core/Src/main.c:768:6:precompute_slopes	40	static
../Core/Src/main.c:784:6:curve_interp_1d	48	static
../Core/Src/main.c:811:6:curve_interp	1112	static
../Core/Src/main.c:864:5:main	56	static
../Core/Src/main.c:1041:6:SystemClock_Config	120	static
../Core/Src/main.c:1105:13:MX_ADC1_Init	40	static
../Core/Src/main.c:1201:13:MX_DAC1_Init	56	static
../Core/Src/main.c:1247:13:MX_GPDMA1_Init	16	static
../Core/Src/main.c:1275:13:MX_SPI2_Init	8	static
../Core/Src/main.c:1323:13:MX_TIM1_Init	40	static
../Core/Src/main.c:1370:13:MX_TIM2_Init	48	static
../Core/Src/main.c:1419:13:MX_TIM3_Init	40	static
../Core/Src/main.c:1464:13:MX_USART3_UART_Init	8	static
../Core/Src/main.c:1512:13:MX_USB_PCD_Init	8	static
../Core/Src/main.c:1548:13:MX_GPIO_Init	40	static
../Core/Src/main.c:1596:6:Error_Handler	4	static,ignoring_inline_asm
