../Core/Src/main.c:180:6:sendData	16	static
../Core/Src/main.c:185:6:ADC_SelectChannel	48	static
../Core/Src/main.c:200:10:Read_ADC_Value	24	static
../Core/Src/main.c:223:6:SPI_Transmit	16	static
../Core/Src/main.c:240:6:drawLine	32	static
../Core/Src/main.c:258:6:toggle_VCOM	16	static
../Core/Src/main.c:266:6:writeBuffer	56	dynamic
../Core/Src/main.c:298:6:init_buffer	40	static
../Core/Src/main.c:370:6:clearDisplay	16	static
../Core/Src/main.c:386:6:drawPixel	24	static
../Core/Src/main.c:416:6:writeLine	48	static
../Core/Src/main.c:456:6:drawCircle	40	static
../Core/Src/main.c:490:6:drawFastRawVLine	32	static
../Core/Src/main.c:510:6:drawFastRawHLine	24	static
../Core/Src/main.c:518:6:drawFastHLine	24	static
../Core/Src/main.c:544:6:drawFastVLine	32	static
../Core/Src/main.c:571:6:fillScreen	32	static
../Core/Src/main.c:584:6:fillRect	32	static
../Core/Src/main.c:590:6:drawChar	40	static
../Core/Src/main.c:627:6:drawString	64	static
../Core/Src/main.c:641:6:drawDouble	88	static
../Core/Src/main.c:647:6:drawInt	88	static
../Core/Src/main.c:653:7:map	32	static
../Core/Src/main.c:663:6:HAL_TIM_PeriodElapsedCallback	16	static
../Core/Src/main.c:703:6:HAL_ADC_ConvCpltCallback	24	static
../Core/Src/main.c:775:19:find_indices	32	static
../Core/Src/main.c:786:21:limit	24	static
../Core/Src/main.c:797:21:linear_interpolate	32	static
../Core/Src/main.c:802:6:precompute_slopes	40	static
../Core/Src/main.c:818:6:curve_interp_1d	48	static
../Core/Src/main.c:845:6:curve_interp	1112	static
../Core/Src/main.c:898:5:main	56	static
../Core/Src/main.c:1075:6:SystemClock_Config	120	static
../Core/Src/main.c:1139:13:MX_ADC1_Init	40	static
../Core/Src/main.c:1235:13:MX_DAC1_Init	56	static
../Core/Src/main.c:1281:13:MX_GPDMA1_Init	16	static
../Core/Src/main.c:1309:13:MX_SPI2_Init	8	static
../Core/Src/main.c:1357:13:MX_TIM1_Init	40	static
../Core/Src/main.c:1404:13:MX_TIM2_Init	48	static
../Core/Src/main.c:1453:13:MX_TIM3_Init	40	static
../Core/Src/main.c:1498:13:MX_USART3_UART_Init	8	static
../Core/Src/main.c:1546:13:MX_USB_PCD_Init	8	static
../Core/Src/main.c:1582:13:MX_GPIO_Init	40	static
../Core/Src/main.c:1630:6:Error_Handler	4	static,ignoring_inline_asm
